---
source: tests/infrastructure.rs
expression: values
---
[
    (
        Key {
            key_data: 3v1,
            type: PhantomData<kodept_ast::graph::any_node::AnyNode>,
        },
        Lambda(
            λx. λy. x,
        ),
    ),
    (
        Key {
            key_data: 8v1,
            type: PhantomData<kodept_ast::graph::any_node::AnyNode>,
        },
        Lambda(
            λf. λg. λx. f (g x),
        ),
    ),
    (
        Key {
            key_data: 18v1,
            type: PhantomData<kodept_ast::graph::any_node::AnyNode>,
        },
        Lambda(
            λf. λa. λb. f (a, b),
        ),
    ),
    (
        Key {
            key_data: 27v1,
            type: PhantomData<kodept_ast::graph::any_node::AnyNode>,
        },
        Lambda(
            λx. x,
        ),
    ),
    (
        Key {
            key_data: 33v1,
            type: PhantomData<kodept_ast::graph::any_node::AnyNode>,
        },
        Lambda(
            λx. λy. x,
        ),
    ),
    (
        Key {
            key_data: 37v1,
            type: PhantomData<kodept_ast::graph::any_node::AnyNode>,
        },
        Lambda(
            λx. λy. y,
        ),
    ),
    (
        Key {
            key_data: 41v1,
            type: PhantomData<kodept_ast::graph::any_node::AnyNode>,
        },
        Lambda(
            λf. λx. x,
        ),
    ),
    (
        Key {
            key_data: 45v1,
            type: PhantomData<kodept_ast::graph::any_node::AnyNode>,
        },
        Lambda(
            λn. λf. λx. f (n f x),
        ),
    ),
    (
        Key {
            key_data: 55v1,
            type: PhantomData<kodept_ast::graph::any_node::AnyNode>,
        },
        Lambda(
            λm. λn. λf. λx. m f (n f x),
        ),
    ),
    (
        Key {
            key_data: 67v1,
            type: PhantomData<kodept_ast::graph::any_node::AnyNode>,
        },
        Lambda(
            λm. λn. λf. λx. m (n f) x,
        ),
    ),
    (
        Key {
            key_data: 78v1,
            type: PhantomData<kodept_ast::graph::any_node::AnyNode>,
        },
        Lambda(
            λn. λf. λx. n (λh. λg. h (g f)) (λu. x) (λv. v),
        ),
    ),
]
